python : Creating test database for 
alias 'default'...
At line:1 char:1
+ python manage.py test 
core.tests_flow > test_output.txt 2>&1
+ ~~~~~~~~~~~~~~~~~~~~~~~~~~~~~~~~~~~~
~~~~~~~~~~~~~~~~~~~~~~~~
    + CategoryInfo          : NotSpec 
   ified: (Creating test d...as 'def  
  ault'...:String) [], RemoteExcept   
 ion
    + FullyQualifiedErrorId : NativeC 
   ommandError
 

EEEEEE
======================================
================================
ERROR: test_book_provider (core.tests_
flow.FlowTests.test_book_provider)
--------------------------------------
--------------------------------
Traceback (most recent call last):
  File "D:\skillllllllllll\core\tests_
flow.py", line 11, in setUp
    self.provider_profile = ProviderPr
ofile.objects.create(user=self.provide
r_user, experience=5, price=50.0)
                            ~~~~~~~~~~
~~~~~~~~~~~~~~~~~~~~^^^^^^^^^^^^^^^^^^
^^^^^^^^^^^^^^^^^^^^^^^^^^^^^^^^^
  File "C:\Users\User\AppData\Local\Pr
ograms\Python\Python313\Lib\site-packa
ges\django\db\models\manager.py", 
line 87, in manager_method
    return 
getattr(self.get_queryset(), 
name)(*args, **kwargs)
           ~~~~~~~~~~~~~~~~~~~~~~~~~~~
~~~~~~~^^^^^^^^^^^^^^^^^
  File "C:\Users\User\AppData\Local\Pr
ograms\Python\Python313\Lib\site-packa
ges\django\db\models\query.py", line 
667, in create
    obj = self.model(**kwargs)
  File "C:\Users\User\AppData\Local\Pr
ograms\Python\Python313\Lib\site-packa
ges\django\db\models\base.py", line 
590, in __init__
    raise TypeError(
    ...<2 lines>...
    )
TypeError: ProviderProfile() got 
unexpected keyword arguments: 'price'

======================================
================================
ERROR: test_customer_login_redirect (c
ore.tests_flow.FlowTests.test_customer
_login_redirect)
--------------------------------------
--------------------------------
Traceback (most recent call last):
  File "D:\skillllllllllll\core\tests_
flow.py", line 11, in setUp
    self.provider_profile = ProviderPr
ofile.objects.create(user=self.provide
r_user, experience=5, price=50.0)
                            ~~~~~~~~~~
~~~~~~~~~~~~~~~~~~~~^^^^^^^^^^^^^^^^^^
^^^^^^^^^^^^^^^^^^^^^^^^^^^^^^^^^
  File "C:\Users\User\AppData\Local\Pr
ograms\Python\Python313\Lib\site-packa
ges\django\db\models\manager.py", 
line 87, in manager_method
    return 
getattr(self.get_queryset(), 
name)(*args, **kwargs)
           ~~~~~~~~~~~~~~~~~~~~~~~~~~~
~~~~~~~^^^^^^^^^^^^^^^^^
  File "C:\Users\User\AppData\Local\Pr
ograms\Python\Python313\Lib\site-packa
ges\django\db\models\query.py", line 
667, in create
    obj = self.model(**kwargs)
  File "C:\Users\User\AppData\Local\Pr
ograms\Python\Python313\Lib\site-packa
ges\django\db\models\base.py", line 
590, in __init__
    raise TypeError(
    ...<2 lines>...
    )
TypeError: ProviderProfile() got 
unexpected keyword arguments: 'price'

======================================
================================
ERROR: test_dashboards (core.tests_flo
w.FlowTests.test_dashboards)
--------------------------------------
--------------------------------
Traceback (most recent call last):
  File "D:\skillllllllllll\core\tests_
flow.py", line 11, in setUp
    self.provider_profile = ProviderPr
ofile.objects.create(user=self.provide
r_user, experience=5, price=50.0)
                            ~~~~~~~~~~
~~~~~~~~~~~~~~~~~~~~^^^^^^^^^^^^^^^^^^
^^^^^^^^^^^^^^^^^^^^^^^^^^^^^^^^^
  File "C:\Users\User\AppData\Local\Pr
ograms\Python\Python313\Lib\site-packa
ges\django\db\models\manager.py", 
line 87, in manager_method
    return 
getattr(self.get_queryset(), 
name)(*args, **kwargs)
           ~~~~~~~~~~~~~~~~~~~~~~~~~~~
~~~~~~~^^^^^^^^^^^^^^^^^
  File "C:\Users\User\AppData\Local\Pr
ograms\Python\Python313\Lib\site-packa
ges\django\db\models\query.py", line 
667, in create
    obj = self.model(**kwargs)
  File "C:\Users\User\AppData\Local\Pr
ograms\Python\Python313\Lib\site-packa
ges\django\db\models\base.py", line 
590, in __init__
    raise TypeError(
    ...<2 lines>...
    )
TypeError: ProviderProfile() got 
unexpected keyword arguments: 'price'

======================================
================================
ERROR: test_pages_load_successfully (c
ore.tests_flow.FlowTests.test_pages_lo
ad_successfully)
--------------------------------------
--------------------------------
Traceback (most recent call last):
  File "D:\skillllllllllll\core\tests_
flow.py", line 11, in setUp
    self.provider_profile = ProviderPr
ofile.objects.create(user=self.provide
r_user, experience=5, price=50.0)
                            ~~~~~~~~~~
~~~~~~~~~~~~~~~~~~~~^^^^^^^^^^^^^^^^^^
^^^^^^^^^^^^^^^^^^^^^^^^^^^^^^^^^
  File "C:\Users\User\AppData\Local\Pr
ograms\Python\Python313\Lib\site-packa
ges\django\db\models\manager.py", 
line 87, in manager_method
    return 
getattr(self.get_queryset(), 
name)(*args, **kwargs)
           ~~~~~~~~~~~~~~~~~~~~~~~~~~~
~~~~~~~^^^^^^^^^^^^^^^^^
  File "C:\Users\User\AppData\Local\Pr
ograms\Python\Python313\Lib\site-packa
ges\django\db\models\query.py", line 
667, in create
    obj = self.model(**kwargs)
  File "C:\Users\User\AppData\Local\Pr
ograms\Python\Python313\Lib\site-packa
ges\django\db\models\base.py", line 
590, in __init__
    raise TypeError(
    ...<2 lines>...
    )
TypeError: ProviderProfile() got 
unexpected keyword arguments: 'price'

======================================
================================
ERROR: test_provider_login_redirect (c
ore.tests_flow.FlowTests.test_provider
_login_redirect)
--------------------------------------
--------------------------------
Traceback (most recent call last):
  File "D:\skillllllllllll\core\tests_
flow.py", line 11, in setUp
    self.provider_profile = ProviderPr
ofile.objects.create(user=self.provide
r_user, experience=5, price=50.0)
                            ~~~~~~~~~~
~~~~~~~~~~~~~~~~~~~~^^^^^^^^^^^^^^^^^^
^^^^^^^^^^^^^^^^^^^^^^^^^^^^^^^^^
  File "C:\Users\User\AppData\Local\Pr
ograms\Python\Python313\Lib\site-packa
ges\django\db\models\manager.py", 
line 87, in manager_method
    return 
getattr(self.get_queryset(), 
name)(*args, **kwargs)
           ~~~~~~~~~~~~~~~~~~~~~~~~~~~
~~~~~~~^^^^^^^^^^^^^^^^^
  File "C:\Users\User\AppData\Local\Pr
ograms\Python\Python313\Lib\site-packa
ges\django\db\models\query.py", line 
667, in create
    obj = self.model(**kwargs)
  File "C:\Users\User\AppData\Local\Pr
ograms\Python\Python313\Lib\site-packa
ges\django\db\models\base.py", line 
590, in __init__
    raise TypeError(
    ...<2 lines>...
    )
TypeError: ProviderProfile() got 
unexpected keyword arguments: 'price'

Found 6 test(s).
System check identified no issues (0 silenced).
======================================
================================
ERROR: test_provider_profile_load (cor
e.tests_flow.FlowTests.test_provider_p
rofile_load)
--------------------------------------
--------------------------------
Traceback (most recent call last):
  File "D:\skillllllllllll\core\tests_
flow.py", line 11, in setUp
    self.provider_profile = ProviderPr
ofile.objects.create(user=self.provide
r_user, experience=5, price=50.0)
                            ~~~~~~~~~~
~~~~~~~~~~~~~~~~~~~~^^^^^^^^^^^^^^^^^^
^^^^^^^^^^^^^^^^^^^^^^^^^^^^^^^^^
  File "C:\Users\User\AppData\Local\Pr
ograms\Python\Python313\Lib\site-packa
ges\django\db\models\manager.py", 
line 87, in manager_method
    return 
getattr(self.get_queryset(), 
name)(*args, **kwargs)
           ~~~~~~~~~~~~~~~~~~~~~~~~~~~
~~~~~~~^^^^^^^^^^^^^^^^^
  File "C:\Users\User\AppData\Local\Pr
ograms\Python\Python313\Lib\site-packa
ges\django\db\models\query.py", line 
667, in create
    obj = self.model(**kwargs)
  File "C:\Users\User\AppData\Local\Pr
ograms\Python\Python313\Lib\site-packa
ges\django\db\models\base.py", line 
590, in __init__
    raise TypeError(
    ...<2 lines>...
    )
TypeError: ProviderProfile() got 
unexpected keyword arguments: 'price'

--------------------------------------
--------------------------------
Ran 6 tests in 2.469s

FAILED (errors=6)
Destroying test database for alias 
'default'...

